[0m[2m[35m$[0m [2m[1mreact-router build[0m
[0m[31m[31m✗[39m Build failed in 6.89s[0m
[0m[1m16 |[0m [0m[32m`),s=!0;return I(B(e),a=>{if(a.kind==="function"&&a.value==="var"){let p=a.nodes[0].value;if(!new RegExp(`[0m[0m[35mvar[0m\\(${p}[,)]\\s*[0m[32m`,"g").test(n)||n.includes(`[0m${p}:[0m[32m`))return s=!1,E.Stop}}),s}function fa(t,r){if(t.kind!=="functional"||t.value?.kind!=="named")return t;let i=r.designSystem,e=i.storage[Bt].get(r.signatureOptions),n=i.storage[de].get(r.signatureOptions),s=i.printCandidate(t),a=n.get(s);if(typeof a!="string")return t;for(let u of p(a,t)){let f=i.printCandidate(u);if(n.get(f)===a)return u}return t;function*p(u,f){let m=e.get(u);if(!(m.length>1)){if(m.length===0&&f.modifier){let d={...f,modifier:null},c=n.get(i.printCandidate(d));if(typeof c=="string")for(let w of p(c,d))yield Object.assign({},w,{modifier:f.modifier})}if(m.length===1)for(let d of we(i,m[0]))yield d}}}var ca=new Map([["order-none","order-0"],["break-words","wrap-break-word"]]);function pa(t,r){let i=r.designSystem,e=i.storage[de].get(r.signatureOptions),n=oa(i,t),s=ca.get(n)??null;if(s===null)return t;let a=e.get(n);if(typeof a!="string")ret[0m[0m[2m | ... truncated [0m
[0m[1m17 |[0m 
[0m[1m18 |[0m ${re([d])}
[0m[1m19 |[0m Relies on:
[0m[1m20 |[0m 
[0m[1m21 |[0m ${re([w])}[0m[32m`)}f.add(d);for(let w of s.get(d))for(let h of a.get(w))c.push(d),m(h,c),c.pop();p.add(d),f.delete(d),u.push(d)}}for(let d of n)m(d);for(let d of u)"nodes"in d&&I(d.nodes,c=>{if(c.kind!=="at-rule"||c.name!=="@apply")return;let w=c.params.split(/(\s+)/g),h={},y=0;for(let[x,$]of w.entries())x%2===0&&(h[$]=y),y+=$.length;{let x=Object.keys(h),$=Ce(x,r,{respectImportant:!1,onInvalidCandidate:N=>{if(r.theme.prefix&&!N.startsWith(r.theme.prefix))throw new Error(`[0mCannot apply unprefixed utility [0m[35mclass[0m \[0m[32m`[0m${N}[0m[32m\`. Did you mean \`[0m${r.theme.prefix}[0m[32m:[0m${N}[0m[32m\`?`[0m)[0m[2m;[0m[0m[35mif[0m(r.invalidCandidates[0m[3m[1m.has[0m(N))[0m[35mthrow[0m [0m[35mnew[0m [0m[1mError[0m([0m[32m`Cannot apply utility class \`[0m${N}[0m[32m\` because it has been explicitly disabled: https://tailwindcss.com/docs/detecting-classes-in-source-files#explicitly-excluding-classes`[0m)[0m[2m;[0m[0m[35mlet[0m O=j(N,[0m[32m":"[0m)[0m[2m;[0m[0m[35mif[0m(O.length>[0m[33m1[0m){[0m[35mlet[0m L=O[0m[3m[1m.pop[0m()[0m[2m;[0m[0m[35mif[0m(r[0m[3m[1m.candidatesToCss[0m([L])[[0m[33m0[0m]){[0m[35mlet[0m _=r[0m[3m[1m.candidatesToCss[0m(O[0m[3m[1m.map[0m(Y=>[0m[32m`[0m${Y}[0m[32m:[--tw-variant-check:1]`[0m)),z=O[0m[3m[1m.filter[0m((Y,q)=>_[q]===[0m[33mnull[0m)[0m[2m;[0m[0m[35mif[0m(z.length>[0m[33m0[0m){[0m[35mif[0m(z.length===[0m[33m1[0m)[0m[35mthrow[0m [0m[35mnew[0m [0m[1mError[0m([0m[32m`Cannot apply utility class[0m[0m[2m | ... truncated [0m

[0m[31merror[0m[2m:[0m [1m[31m[@tailwindcss/vite:generate:build] Cannot apply unknown utility class `shadow-glass`[39m
file: [36m/home/aniket-karmakar/project/new/Serendipity/frontend/apps/web/src/app/global.css?transform-only[39m[0m
     plugin[0m[2m:[0m [0m[32m"@tailwindcss/vite:generate:build"[0m[0m[2m,[0m
       hook[0m[2m:[0m [0m[32m"transform"[0m[0m[2m,[0m
         id[0m[2m:[0m [0m[32m"/home/aniket-karmakar/project/new/Serendipity/frontend/apps/web/src/app/global.css?transform-only"[0m[0m[2m,[0m
 watchFiles[0m[2m:[0m [
  [0m[32m"/home/aniket-karmakar/project/new/Serendipity/frontend/apps/web/node_modules/@react-router/dev/dist/config/defaults/entry.client.tsx"[0m[0m[0m[2m,[0m
  [0m[32m"/home/aniket-karmakar/project/new/Serendipity/frontend/apps/web/src/app/root.tsx"[0m[0m[0m[2m,[0m
  [0m[32m"/home/aniket-karmakar/project/new/Serendipity/frontend/apps/web/src/app/page.jsx"[0m[0m[0m[2m,[0m
  [0m[32m"/home/aniket-karmakar/project/new/Serendipity/frontend/apps/web/src/app/seller/inventory/page.jsx"[0m[0m[0m[2m,[0m
  [0m[32m"/home/aniket-karmakar/project/new/Serendipity/frontend/apps/web/src/app/seller/login/page.jsx"[0m[0m[0m[2m,[0m
  [0m[32m"/home/aniket-karmakar/project/new/Serendipity/frontend/apps/web/src/app/seller/inventory/new/page.jsx"[0m[0m[0m[2m,[0m
  [0m[32m"/home/aniket-karmakar/project/new/Serendipity/frontend/apps/web/src/app/seller/signup/page.jsx"[0m[0m[0m[2m,[0m
  [0m[32m"/home/aniket-karmakar/project/new/Serendipity/frontend/apps/web/src/app/profile/orders/page.jsx"[0m[0m[0m[2m,[0m
  [0m[32m"/home/aniket-karmakar/project/new/Serendipity/frontend/apps/web/src/app/seller/inventory/edit/[id]/page.jsx"[0m[0m[0m[2m,[0m
  [0m[32m"/home/aniket-karmakar/project/new/Serendipity/frontend/apps/web/src/app/seller/settings/page.jsx"[0m[0m[0m[2m,[0m
  [0m[32m"/home/aniket-karmakar/project/new/Serendipity/frontend/apps/web/src/app/terms/page.jsx"[0m[0m[0m[2m,[0m
  [0m[32m"/home/aniket-karmakar/project/new/Serendipity/frontend/apps/web/src/app/seller/page.jsx"[0m[0m[0m[2m,[0m
  [0m[32m"/home/aniket-karmakar/project/new/Serendipity/frontend/apps/web/src/app/seller/policies/page.jsx"[0m[0m[0m[2m,[0m
  [0m[32m"/home/aniket-karmakar/project/new/Serendipity/frontend/apps/web/src/app/profile/payment-methods/page.jsx"[0m[0m[0m[2m,[0m
  [0m[32m"/home/aniket-karmakar/project/new/Serendipity/frontend/apps/web/src/app/profile/addresses/page.jsx"[0m[0m[0m[2m,[0m
  [0m[32m"/home/aniket-karmakar/project/new/Serendipity/frontend/apps/web/src/app/profile/settings/page.jsx"[0m[0m[0m[2m,[0m
  [0m[32m"/home/aniket-karmakar/project/new/Serendipity/frontend/apps/web/src/app/profile/security/page.jsx"[0m[0m[0m[2m,[0m
  [0m[32m"/home/aniket-karmakar/project/new/Serendipity/frontend/apps/web/src/app/products/page.jsx"[0m[0m[0m[2m,[0m
  [0m[32m"/home/aniket-karmakar/project/new/Serendipity/frontend/apps/web/src/app/profile/edit/page.jsx"[0m[0m[0m[2m,[0m
  [0m[32m"/home/aniket-karmakar/project/new/Serendipity/frontend/apps/web/src/app/profile/page.jsx"[0m[0m[0m[2m,[0m
  [0m[32m"/home/aniket-karmakar/project/new/Serendipity/frontend/apps/web/src/app/seller/orders/page.jsx"[0m[0m[0m[2m,[0m
  [0m[32m"/home/aniket-karmakar/project/new/Serendipity/frontend/apps/web/src/app/privacy/page.jsx"[0m[0m[0m[2m,[0m
  [0m[32m"/home/aniket-karmakar/project/new/Serendipity/frontend/apps/web/src/app/account/signup/page.jsx"[0m[0m[0m[2m,[0m
  [0m[32m"/home/aniket-karmakar/project/new/Serendipity/frontend/apps/web/src/app/account/signin/page.jsx"[0m[0m[0m[2m,[0m
  [0m[32m"/home/aniket-karmakar/project/new/Serendipity/frontend/apps/web/src/app/account/logout/page.jsx"[0m[0m[0m[2m,[0m
  [0m[32m"/home/aniket-karmakar/project/new/Serendipity/frontend/apps/web/src/app/cart/page.jsx"[0m[0m[0m[2m,[0m
  [0m[32m"/home/aniket-karmakar/project/new/Serendipity/frontend/apps/web/src/app/auth/callback/page.jsx"[0m[0m[0m[2m,[0m
  [0m[32m"/home/aniket-karmakar/project/new/Serendipity/frontend/apps/web/src/app/product/[id]/page.jsx"[0m[0m[0m[2m,[0m
  [0m[32m"/home/aniket-karmakar/project/new/Serendipity/frontend/apps/web/src/app/category/[id]/page.jsx"[0m[0m[0m[2m,[0m
  [0m[32m"/home/aniket-karmakar/project/new/Serendipity/frontend/apps/web/src/app/checkout/success/page.jsx"[0m[0m[0m[2m,[0m
  [0m[32m"/home/aniket-karmakar/project/new/Serendipity/frontend/apps/web/src/app/checkout/shipping/page.jsx"[0m[0m[0m[2m,[0m
  [0m[32m"/home/aniket-karmakar/project/new/Serendipity/frontend/apps/web/src/app/cookies/page.jsx"[0m[0m[0m[2m,[0m
  [0m[32m"/home/aniket-karmakar/project/new/Serendipity/frontend/apps/web/src/app/wishlist/page.jsx"[0m[0m[0m[2m,[0m
  [0m[32m"/home/aniket-karmakar/project/new/Serendipity/frontend/apps/web/src/app/search/page.jsx"[0m[0m[0m[2m,[0m
  [0m[32m"/home/aniket-karmakar/project/new/Serendipity/frontend/apps/web/src/app/orders/page.jsx"[0m[0m[0m[2m,[0m
  [0m[32m"/home/aniket-karmakar/project/new/Serendipity/frontend/apps/web/src/app/admin/page.jsx"[0m[0m[0m[2m,[0m
  [0m[32m"/home/aniket-karmakar/project/new/Serendipity/frontend/apps/web/src/app/admin/products/page.jsx"[0m[0m[0m[2m,[0m
  [0m[32m"/home/aniket-karmakar/project/new/Serendipity/frontend/apps/web/src/app/admin/products/[id]/edit/page.jsx"[0m[0m[0m[2m,[0m
  [0m[32m"/home/aniket-karmakar/project/new/Serendipity/frontend/apps/web/src/app/__create/not-found.tsx"[0m[0m[0m[2m,[0m
  [0m[32m"/home/aniket-karmakar/project/new/Serendipity/frontend/apps/web/node_modules/react-dom/client.js"[0m[0m[0m[2m,[0m
  [0m[32m"/home/aniket-karmakar/project/new/Serendipity/frontend/apps/web/node_modules/react/jsx-runtime.js"[0m[0m[0m[2m,[0m
  [0m[32m"/home/aniket-karmakar/project/new/Serendipity/frontend/apps/web/node_modules/react/index.js"[0m[0m[0m[2m,[0m
  [0m[32m"/home/aniket-karmakar/project/new/Serendipity/frontend/apps/web/node_modules/react-router/dist/development/dom-export.mjs"[0m[0m[0m[2m,[0m
  [0m[32m"/home/aniket-karmakar/project/new/Serendipity/frontend/apps/web/node_modules/react/cjs/react.production.min.js"[0m[0m[0m[2m,[0m
  [0m[32m"/home/aniket-karmakar/project/new/Serendipity/frontend/apps/web/node_modules/react/cjs/react-jsx-runtime.production.min.js"[0m[0m[0m[2m,[0m
  [0m[32m"/home/aniket-karmakar/project/new/Serendipity/frontend/apps/web/package.json"[0m[0m[0m[2m,[0m [0m[32m"/home/aniket-karmakar/project/new/Serendipity/frontend/apps/web/node_modules/react-dom/index.js"[0m[0m[0m[2m,[0m
  [0m[32m"/home/aniket-karmakar/project/new/Serendipity/frontend/apps/web/src/app/layout.jsx"[0m[0m[0m[2m,[0m
  [0m[32m"/home/aniket-karmakar/project/new/Serendipity/frontend/apps/web/src/app/seller/layout.jsx"[0m[0m[0m[2m,[0m
  [0m[32m"/home/aniket-karmakar/project/new/Serendipity/frontend/apps/web/node_modules/react-router/dist/development/chunk-4LKRSAEJ.mjs"[0m[0m[0m[2m,[0m
  [0m[32m"/home/aniket-karmakar/project/new/Serendipity/frontend/apps/web/node_modules/react-router/dist/development/chunk-JZWAC4HX.mjs"[0m[0m[0m[2m,[0m
  [0m[32m"/home/aniket-karmakar/project/new/Serendipity/frontend/apps/web/node_modules/react-dom/cjs/react-dom.production.min.js"[0m[0m[0m[2m,[0m
  [0m[32m"/home/aniket-karmakar/project/new/Serendipity/frontend/apps/web/node_modules/react-router/dist/development/index.mjs"[0m[0m[0m[2m,[0m
  [0m[32m"/home/aniket-karmakar/project/new/Serendipity/frontend/apps/web/node_modules/react-router-dom/dist/index.mjs"[0m[0m[0m[2m,[0m
  [0m[32m"/home/aniket-karmakar/project/new/Serendipity/frontend/apps/web/node_modules/scheduler/index.js"[0m[0m[0m[2m,[0m
  [0m[32m"/home/aniket-karmakar/project/new/Serendipity/frontend/apps/web/node_modules/cookie/dist/index.js"[0m[0m[0m[2m,[0m
  [0m[32m"/home/aniket-karmakar/project/new/Serendipity/frontend/apps/web/node_modules/set-cookie-parser/lib/set-cookie.js"[0m[0m[0m[2m,[0m
  [0m[32m"/home/aniket-karmakar/project/new/Serendipity/frontend/apps/web/src/__create/PolymorphicComponent.tsx"[0m[0m[0m[2m,[0m
  [0m[32m"/home/aniket-karmakar/project/new/Serendipity/frontend/apps/web/src/utils/authStore.js"[0m[0m[0m[2m,[0m
  [0m[32m"/home/aniket-karmakar/project/new/Serendipity/frontend/apps/web/node_modules/zustand/esm/index.mjs"[0m[0m[0m[2m,[0m
  [0m[32m"/home/aniket-karmakar/project/new/Serendipity/frontend/apps/web/node_modules/zustand/esm/middleware.mjs"[0m[0m[0m[2m,[0m
  [0m[32m"/home/aniket-karmakar/project/new/Serendipity/frontend/apps/web/node_modules/zustand/esm/react.mjs"[0m[0m[0m[2m,[0m
  [0m[32m"/home/aniket-karmakar/project/new/Serendipity/frontend/apps/web/node_modules/zustand/esm/vanilla.mjs"[0m[0m[0m[2m,[0m
  [0m[32m"/home/aniket-karmakar/project/new/Serendipity/frontend/apps/web/node_modules/scheduler/cjs/scheduler.production.min.js"[0m[0m[0m[2m,[0m
  [0m[32m"/home/aniket-karmakar/project/new/Serendipity/frontend/apps/web/src/utils/useAuth.js"[0m[0m[0m[2m,[0m
  [0m[32m"/home/aniket-karmakar/project/new/Serendipity/frontend/apps/web/src/components/layout/PolicyLayout.jsx"[0m[0m[0m[2m,[0m
  [0m[32m"/home/aniket-karmakar/project/new/Serendipity/frontend/apps/web/src/components/ui/sign-up.tsx"[0m[0m[0m[2m,[0m
  [0m[32m"/home/aniket-karmakar/project/new/Serendipity/frontend/apps/web/node_modules/papaparse/papaparse.min.js"[0m[0m[0m[2m,[0m
  [0m[32m"/home/aniket-karmakar/project/new/Serendipity/frontend/apps/web/src/utils/format.js"[0m[0m[0m[2m,[0m
  [0m[32m"/home/aniket-karmakar/project/new/Serendipity/frontend/apps/web/src/components/ui/separator.tsx"[0m[0m[0m[2m,[0m
  [0m[32m"/home/aniket-karmakar/project/new/Serendipity/frontend/apps/web/src/components/ui/scroll-area.tsx"[0m[0m[0m[2m,[0m
  [0m[32m"/home/aniket-karmakar/project/new/Serendipity/frontend/apps/web/src/components/ui/tabs.tsx"[0m[0m[0m[2m,[0m
  [0m[32m"/home/aniket-karmakar/project/new/Serendipity/frontend/apps/web/src/components/ui/card.tsx"[0m[0m[0m[2m,[0m
  [0m[32m"/home/aniket-karmakar/project/new/Serendipity/frontend/apps/web/src/components/ui/badge.tsx"[0m[0m[0m[2m,[0m
  [0m[32m"/home/aniket-karmakar/project/new/Serendipity/frontend/apps/web/src/components/ui/table.tsx"[0m[0m[0m[2m,[0m
  [0m[32m"/home/aniket-karmakar/project/new/Serendipity/frontend/apps/web/src/components/ui/button.tsx"[0m[0m[0m[2m,[0m
  [0m[32m"/home/aniket-karmakar/project/new/Serendipity/frontend/apps/web/src/components/ui/input.tsx"[0m[0m[0m[2m,[0m
  [0m[32m"/home/aniket-karmakar/project/new/Serendipity/frontend/apps/web/src/components/ui/dialog.tsx"[0m[0m[0m[2m,[0m
  [0m[32m"/home/aniket-karmakar/project/new/Serendipity/frontend/apps/web/node_modules/lucide-react/dist/esm/lucide-react.js"[0m[0m[0m[2m,[0m
  [0m[32m"/home/aniket-karmakar/project/new/Serendipity/frontend/apps/web/src/utils/categories.js"[0m[0m[0m[2m,[0m
  [0m[32m"/home/aniket-karmakar/project/new/Serendipity/frontend/apps/web/node_modules/@tanstack/react-query/build/modern/index.js"[0m[0m[0m[2m,[0m
  [0m[32m"/home/aniket-karmakar/project/new/Serendipity/frontend/apps/web/src/components/Header.jsx"[0m[0m[0m[2m,[0m
  [0m[32m"/home/aniket-karmakar/project/new/Serendipity/frontend/apps/web/src/lib/supabase.js"[0m[0m[0m[2m,[0m
  [0m[32m"/home/aniket-karmakar/project/new/Serendipity/frontend/apps/web/src/components/Footer.jsx"[0m[0m[0m[2m,[0m
  [0m[32m"/home/aniket-karmakar/project/new/Serendipity/frontend/apps/web/src/utils/cartStore.js"[0m[0m[0m[2m,[0m
  [0m[32m"/home/aniket-karmakar/project/new/Serendipity/frontend/apps/web/src/components/ui/lumina-interactive-list.tsx"[0m[0m[0m[2m,[0m
  [0m[32m"/home/aniket-karmakar/project/new/Serendipity/frontend/apps/web/src/components/ProductCard.jsx"[0m[0m[0m[2m,[0m
  [0m[32m"/home/aniket-karmakar/project/new/Serendipity/frontend/apps/web/src/components/monochromatic-categories.tsx"[0m[0m[0m[2m,[0m
  [0m[32m"/home/aniket-karmakar/project/new/Serendipity/frontend/apps/web/src/components/FeaturedProducts.tsx"[0m[0m[0m[2m,[0m
  [0m[32m"/home/aniket-karmakar/project/new/Serendipity/frontend/apps/web/src/components/ui/hero-dithering-card.tsx"[0m[0m[0m[2m,[0m
  [0m[32m"/home/aniket-karmakar/project/new/Serendipity/frontend/apps/web/src/utils/useSocket.js"[0m[0m[0m[2m,[0m
  [0m[32m"/home/aniket-karmakar/project/new/Serendipity/frontend/apps/web/src/components/StatCard.jsx"[0m[0m[0m[2m,[0m
  [0m[32m"/home/aniket-karmakar/project/new/Serendipity/frontend/apps/web/src/components/SalesChart.jsx"[0m[0m[0m[2m,[0m
  [0m[32m"/home/aniket-karmakar/project/new/Serendipity/frontend/apps/web/src/components/RecentOrdersCard.jsx"[0m[0m[0m[2m,[0m
  [0m[32m"/home/aniket-karmakar/project/new/Serendipity/frontend/apps/web/src/components/QuickActionCard.jsx"[0m[0m[0m[2m,[0m
  [0m[32m"/home/aniket-karmakar/project/new/Serendipity/frontend/apps/web/node_modules/@tanstack/react-query/build/modern/types.js"[0m[0m[0m[2m,[0m
  [0m[32m"/home/aniket-karmakar/project/new/Serendipity/frontend/apps/web/node_modules/@tanstack/react-query/build/modern/useSuspenseInfiniteQuery.js"[0m[0m[0m[2m,[0m
  [0m[32m"/home/aniket-karmakar/project/new/Serendipity/frontend/apps/web/node_modules/@tanstack/react-query/build/modern/useSuspenseQueries.js"[0m[0m[0m[2m,[0m
  [0m[32m"/home/aniket-karmakar/project/new/Serendipity/frontend/apps/web/node_modules/@tanstack/react-query/build/modern/useSuspenseQuery.js"[0m[0m[0m[2m,[0m
  [0m[32m"/home/aniket-karmakar/project/new/Serendipity/frontend/apps/web/node_modules/@tanstack/react-query/build/modern/useQuery.js"[0m[0m[0m[2m,[0m
  [0m[2m... 1752 more items[0m
][0m[2m,[0m
       code[0m[2m:[0m [32m"PLUGIN_ERROR"[0m

[0m      [2mat [0monInvalidCandidate[2m ([0m[0m[36m[2m/home/aniket-karmakar/project/new/Serendipity/frontend/apps/web/[0m[36mnode_modules/tailwindcss/dist/chunk-CT46QCH7.mjs[0m[2m:[0m[33m21[0m[2m:[33m1514[0m[2m)[0m
[0m      [2mat [0mCe[2m ([0m[0m[36m[2m/home/aniket-karmakar/project/new/Serendipity/frontend/apps/web/[0m[36mnode_modules/tailwindcss/dist/chunk-CT46QCH7.mjs[0m[2m:[0m[33m1[0m[2m:[33m383[0m[2m)[0m

[0m[31merror[0m[2m:[0m script [1m"build"[0m exited with code 1[0m
